// Jest Snapshot v1, https://goo.gl/fbAQLP

exports[`match a snapshot 1`] = `
<DocumentFragment>
  <div
    class="App"
  >
    <nav
      class="navbar navbar-expand-sm navbar-light bg-light"
    >
      <div
        class="container"
      >
        <span
          class="navbar-brand"
        >
          <a
            aria-current="page"
            class="fw-bolder text-primary active"
            href="/"
            style="font-weight: bold; color: black; text-decoration: none;"
          >
            Jobly
          </a>
        </span>
        <button
          aria-controls="basic-navbar-nav"
          aria-label="Toggle navigation"
          class="navbar-toggler collapsed"
          type="button"
        >
          <span
            class="navbar-toggler-icon"
          />
        </button>
        <div
          class="justify-content-end navbar-collapse collapse"
        >
          <div
            class="me-auto navbar-nav"
          />
        </div>
      </div>
    </nav>
    <div
      class="Home d-flex flex-column justify-content-center text-center"
    >
      <div
        class="display-2 p-2"
      >
        Jobly
      </div>
      <div
        class="display-5 p-2"
      >
        All the jobs in one convenient place.
      </div>
      <div
        class="p-2"
      >
        <a
          class="btn btn-primary btn-lg mx-2"
          href="/login"
        >
          Login
        </a>
        <a
          class="btn btn-primary btn-lg mx-2"
          href="/signup"
        >
          Singup
        </a>
      </div>
    </div>
  </div>
</DocumentFragment>
`;

exports[`match a snapshot, render with login 1`] = `
<DocumentFragment>
  <div
    class="Loading display-1 d-flex flex-column justify-content-center text-center"
    data-testid="loading"
  >
    <div>
      <svg
        aria-hidden="true"
        class="svg-inline--fa fa-spinner fa-w-16 fa-spin fa-lg "
        data-icon="spinner"
        data-prefix="fas"
        focusable="false"
        role="img"
        viewBox="0 0 512 512"
        xmlns="http://www.w3.org/2000/svg"
      >
        <path
          d="M304 48c0 26.51-21.49 48-48 48s-48-21.49-48-48 21.49-48 48-48 48 21.49 48 48zm-48 368c-26.51 0-48 21.49-48 48s21.49 48 48 48 48-21.49 48-48-21.49-48-48-48zm208-208c-26.51 0-48 21.49-48 48s21.49 48 48 48 48-21.49 48-48-21.49-48-48-48zM96 256c0-26.51-21.49-48-48-48S0 229.49 0 256s21.49 48 48 48 48-21.49 48-48zm12.922 99.078c-26.51 0-48 21.49-48 48s21.49 48 48 48 48-21.49 48-48c0-26.509-21.491-48-48-48zm294.156 0c-26.51 0-48 21.49-48 48s21.49 48 48 48 48-21.49 48-48c0-26.509-21.49-48-48-48zM108.922 60.922c-26.51 0-48 21.49-48 48s21.49 48 48 48 48-21.49 48-48-21.491-48-48-48z"
          fill="currentColor"
        />
      </svg>
    </div>
  </div>
</DocumentFragment>
`;
